0: VENIVIDIVICI
1: WFOJWJEJWJDJ
2: XGPKXKFKXKEK
3: YHQLYLGLYLFL
4: ZIRMZMHMZMGM
5: AJSNANINANHN
6: BKTOBOJOBOIO
7: CLUPCPKPCPJP
8: DMVQDQLQDQKQ
9: ENWRERMRERLR
10: FOXSFSNSFSMS
11: GPYTGTOTGTNT
12: HQZUHUPUHUOU
13: IRAVIVQVIVPV
14: JSBWJWRWJWQW
15: KTCXKXSXKXRX
16: LUDYLYTYLYSY
17: MVEZMZUZMZTZ
18: NWFANAVANAUA
19: OXGBOBWBOBVB
20: PYHCPCXCPCWC
21: QZIDQDYDQDXD
22: RAJEREZEREYE
23: SBKFSFAFSFZF
24: TCLGTGBGTGAG
25: UDMHUHCHUHBH
