--- Bytecode ---
[  0] CHKGLOBALFUNC       r0, 0
[  1] CLOSURE             r0, 0
[  2] DECLGLOBALFUNC      r0, 0
[  3] CALL_GLOBAL         r0, argc=0, K[0]
[  4] RETUNDEF

--- Inner function 0 ---
[  0] LDUNDEF             r0 = r0, r0
[  1] LDINT               r0, 0
[  2] LDINT               r0, +45
[  3] LDINT               r2, 0
[  4] GT                  r1 = r0, r2
[  5] LDCONST             r2, 2
[  6] ADD_FUSED           r3 = r0, r2
[  7] ADD                 r3 = r3, r1
[  8] RET                 r3 = r0, r0
--- End bytecode ---
