--- Bytecode ---
[  0] CHKGLOBALFUNC   r0, 0
[  1] CLOSURE         r0, 0
[  2] DECLGLOBALFUNC  r0, 0
[  3] CALL_GLOBAL     r0, argc=0, K[0]
[  4] RETUNDEF        

--- Inner function 0 ---
[  0] LDUNDEF         r0 = r0, r0
[  1] DECLVAR_HOIST   r0, 0
[  2] CLOSURE         r1, 0
[  3] DECLVAR         r1, 1
[  4] LDINT           r0, +5
[  5] DECLVAR         r0, 0
[  6] CLOSURE         r1, 1
[  7] DECLGLOBALFUNC  r1, 1
[  8] LDINT           r2, 0
[  9] JUMP            +1
[ 10] DEC_VAR         r3, 0
[ 11] GETVAR          r3, 0
[ 12] JMP_GT          -3, r3, r2
[ 13] LDREG           r2 = r1, r0
[ 14] CALL_UNDEF_THIS r2 = r2, r0
[ 15] RET             r2 = r0, r0

--- Inner function 0.0 ---
[  0] GETVAR          r0, 0
[  1] RET             r0 = r0, r0

--- Inner function 0.1 ---
[  0] GETVAR          r0, 0
[  1] RET             r0 = r0, r0
--- End bytecode ---
