--- Bytecode ---
[  0] CHKGLOBALFUNC       r0, 0
[  1] CLOSURE             r0, 0
[  2] DECLGLOBALFUNC      r0, 0
[  3] GETGLOBAL           r0, 0
[  4] NEWOBJ_SHAPE        r2, 889
[  5] LDINT               r4, +42
[  6] INIT_SLOT           r2 = r0, r4
[  7] CALL_UNDEF_THIS     r0 = r0, r1
[  8] RETUNDEF

--- Inner function 0 ---
[  0] GETPROPC            r2 = r0, r1
[  1] RET                 r2 = r0, r0
--- End bytecode ---
