--- Bytecode ---
[  0] CHKGLOBALVAR    r0, 0
[  1] CHKGLOBALVAR    r0, 1
[  2] CHKGLOBALVAR    r0, 2
[  3] LDUNDEF         r0 = r0, r0
[  4] DECLVAR_HOIST   r0, 0
[  5] LDUNDEF         r1 = r0, r0
[  6] DECLVAR_HOIST   r1, 1
[  7] LDUNDEF         r2 = r0, r0
[  8] DECLVAR_HOIST   r2, 2
[  9] LDINT           r0, 0
[ 10] LDINT           r1, 0
[ 11] DECLVAR         r1, 1
[ 12] LDINT           r3, +4
[ 13] JUMP            +2
[ 14] ADD             r0 = r0, r1
[ 15] INC             r1
[ 16] JMP_LT          -3, r1, r3
[ 17] LDINT           r2, 0
[ 18] LDINT           r3, +4
[ 19] JUMP            +2
[ 20] ADD             r0 = r0, r2
[ 21] INC             r2
[ 22] JMP_LT          -3, r2, r3
[ 23] LDREG           r5 = r0, r0
[ 24] CALL_GLOBAL     r3, argc=1, K[3]
[ 25] PUTVAR          r0, 0
[ 26] PUTVAR          r1, 1
[ 27] PUTVAR          r2, 2
[ 28] RETUNDEF        
--- End bytecode ---
