--- Bytecode ---
[  0] CHKGLOBALFUNC       r0, 0
[  1] CLOSURE             r0, 0
[  2] DECLGLOBALFUNC      r0, 0
[  3] LDINT               r2, +4
[  4] CALL_GLOBAL         r0, argc=1, K[0]
[  5] RETUNDEF

--- Inner function 0 ---
[  0] LDCONST             r1, 3
[  1] LDINT               r2, 0
[  2] JUMP                +7
[  3] IF_FALSE            r2, +3
[  4] LDCONST             r3, 4
[  5] ADD                 r1 = r1, r3
[  6] JUMP                +2
[  7] LDCONST             r3, 5
[  8] ADD                 r1 = r1, r3
[  9] INC_LT              r2 = r0, r0
[ 10] JMP_LT              -8, r2, r0
[ 11] RET                 r1 = r0, r0
--- End bytecode ---
